AQlxOMgMUM
AYjgVBeSLM
AbDvanbbfB
BDNdGaeUqe
BnUfbKIzcd
CkiYxKBsqh
DsgGPAWebh
EyIsnPBpVE
IGPbxTFcDW
IMjiivUqlB
JQKOONjZaL
JhxnweLilK
NADvzLbolN
OEPtXCoNNQ
PbudWOxega
QdvkCUQLpr
SysIaFZCce
TYNsJMGWMz
UPuNtwxoNO
WMgLinsdqT
WWfdxwXuJC
XXHlAzroFE
YXQREMqpSu
YbBhnfhNLl
cjBCUBvXVi
eNwIyJgIhl
fjbOApVDfD
gBJDVBfrht
kPqAocRyYC
kScHsbSJRM
kTACDtYiYZ
lRGHuhVjsX
qAjYdglsDp
sFmAxuixeV
sqzDonzLiE
vhYgjaKqqk
vssuQkfbkA
wApYvcQTnE
zOviVAUGXj
